(base) PS C:\Users\Álvaro> cd desktop
(base) PS C:\Users\Álvaro\desktop> cd ironhack
(base) PS C:\Users\Álvaro\desktop\ironhack> cd 1.1-lab_bash
(base) PS C:\Users\Álvaro\desktop\ironhack\1.1-lab_bash> git status
On branch main
Your branch is up to date with 'origin/main'.

Changes not staged for commit:
  (use "git add <file>..." to update what will be committed)
  (use "git restore <file>..." to discard changes in working directory)
        modified:   README.md
        modified:   solutions.txt

Untracked files:
  (use "git add <file>..." to include in what will be committed)
        list_files.sh
        lorem/sed.copy

no changes added to commit (use "git add" and/or "git commit -a")
(base) PS C:\Users\Álvaro\desktop\ironhack\1.1-lab_bash> git add .
(base) PS C:\Users\Álvaro\desktop\ironhack\1.1-lab_bash> git commit -m "mensaje"
[main 7573655] mensaje
 4 files changed, 76 insertions(+), 6 deletions(-)
 create mode 100644 list_files.sh
 create mode 100644 lorem/sed.copy
(base) PS C:\Users\Álvaro\desktop\ironhack\1.1-lab_bash> git push origin main
Enumerating objects: 10, done.
Counting objects: 100% (10/10), done.
Delta compression using up to 12 threads
Compressing objects: 100% (5/5), done.
Writing objects: 100% (6/6), 1.33 KiB | 1.33 MiB/s, done.
Total 6 (delta 1), reused 0 (delta 0), pack-reused 0
remote: Resolving deltas: 100% (1/1), completed with 1 local object.
To https://github.com/AlvaroYague/1.1-lab_bash.git
   2dc21a9..7573655  main -> main
(base) PS C:\Users\Álvaro\desktop\ironhack\1.1-lab_bash> git status
On branch main
Your branch is up to date with 'origin/main'.

nothing to commit, working tree clean
(base) PS C:\Users\Álvaro\desktop\ironhack\1.1-lab_bash> git clone https://github.com/AlvaroYague/1.1-lab_git.git
Cloning into '1.1-lab_git'...
remote: Enumerating objects: 9, done.
remote: Counting objects: 100% (9/9), done.
remote: Compressing objects: 100% (8/8), done.
Receiving objects: 100% (9/9), 218.84 KiB | 933.00 KiB/s, done.

(base) PS C:\Users\Álvaro\desktop\ironhack\1.1-lab_bash> git status
On branch main
Your branch is up to date with 'origin/main'.

nothing to commit, working tree clean

(base) PS C:\Users\Álvaro\desktop\ironhack> cd 1.1-lab_git
(base) PS C:\Users\Álvaro\desktop\ironhack\1.1-lab_git> git status
On branch main
Your branch is up to date with 'origin/main'.

Changes not staged for commit:
  (use "git add <file>..." to update what will be committed)
  (use "git restore <file>..." to discard changes in working directory)
        modified:   README.md

no changes added to commit (use "git add" and/or "git commit -a")
(base) PS C:\Users\Álvaro\desktop\ironhack\1.1-lab_git> git add .
(base) PS C:\Users\Álvaro\desktop\ironhack\1.1-lab_git> git commit -m "mensaje"
[main ed538c2] mensaje
 1 file changed, 1 insertion(+), 1 deletion(-)
(base) PS C:\Users\Álvaro\desktop\ironhack\1.1-lab_git> git push origin main
Enumerating objects: 5, done.
Counting objects: 100% (5/5), done.
Delta compression using up to 12 threads
Compressing objects: 100% (3/3), done.
Writing objects: 100% (3/3), 292 bytes | 292.00 KiB/s, done.
Total 3 (delta 2), reused 0 (delta 0), pack-reused 0
remote: Resolving deltas: 100% (2/2), completed with 2 local objects.
To https://github.com/AlvaroYague/1.1-lab_git.git
   6472e39..ed538c2  main -> main
(base) PS C:\Users\Álvaro\desktop\ironhack\1.1-lab_git> git status
On branch main
Your branch is up to date with 'origin/main'.

nothing to commit, working tree clean
(base) PS C:\Users\Álvaro\desktop\ironhack\1.1-lab_git> git pull origin main
From https://github.com/AlvaroYague/1.1-lab_git
 * branch            main       -> FETCH_HEAD
Already up to date.
(base) PS C:\Users\Álvaro\desktop\ironhack\1.1-lab_git> git status
On branch main
Your branch is up to date with 'origin/main'.

Changes not staged for commit:
  (use "git add <file>..." to update what will be committed)
  (use "git restore <file>..." to discard changes in working directory)
        modified:   your-code/about-me.md

no changes added to commit (use "git add" and/or "git commit -a")
(base) PS C:\Users\Álvaro\desktop\ironhack\1.1-lab_git> git add your-code/about-me.md
(base) PS C:\Users\Álvaro\desktop\ironhack\1.1-lab_git> git commit -m "mensaje"
[main 31faeda] mensaje
 1 file changed, 2 insertions(+)
(base) PS C:\Users\Álvaro\desktop\ironhack\1.1-lab_git> git push origin main
Enumerating objects: 7, done.
Counting objects: 100% (7/7), done.
Delta compression using up to 12 threads
Compressing objects: 100% (3/3), done.
Writing objects: 100% (4/4), 347 bytes | 347.00 KiB/s, done.
Total 4 (delta 2), reused 0 (delta 0), pack-reused 0
remote: Resolving deltas: 100% (2/2), completed with 2 local objects.
To https://github.com/AlvaroYague/1.1-lab_git.git
   ed538c2..31faeda  main -> main
(base) PS C:\Users\Álvaro\desktop\ironhack\1.1-lab_git> git log
commit 31faedaa13eb75b8afcad1116503977ff81e1e4b (HEAD -> main, origin/main, origin/HEAD)
Author: Alvaro Yague <alvaroyague@hotmail.com>
Date:   Mon Oct 9 17:09:11 2023 +0200

    mensaje

commit ed538c262f95b4a8e1c267ea4c93151f1d13a7fe
Author: Alvaro Yague <alvaroyague@hotmail.com>
Date:   Mon Oct 9 17:02:27 2023 +0200

    mensaje

commit 6472e395ec46c727f12a77453f39531ed2770db5
Author: iudh <yeho@mail.com>
Date:   Mon Oct 2 10:06:38 2023 +0200

    init
(base) PS C:\Users\Álvaro\desktop\ironhack\1.1-lab_git> git reset --hard ed538c262f95b4a8e1c267ea4c93151f1d13a7fe
HEAD is now at ed538c2 mensaje
(base) PS C:\Users\Álvaro\desktop\ironhack\1.1-lab_git> git checkout -b lab-resolving-git-conflicts
Switched to a new branch 'lab-resolving-git-conflicts'
(base) PS C:\Users\Álvaro\desktop\ironhack\1.1-lab_git> git add README.txt
fatal: pathspec 'README.txt' did not match any files
(base) PS C:\Users\Álvaro\desktop\ironhack\1.1-lab_git> git add README
fatal: pathspec 'README' did not match any files
(base) PS C:\Users\Álvaro\desktop\ironhack\1.1-lab_git> git add your-code/about-me
fatal: pathspec 'your-code/about-me' did not match any files
(base) PS C:\Users\Álvaro\desktop\ironhack\1.1-lab_git> git add .
(base) PS C:\Users\Álvaro\desktop\ironhack\1.1-lab_git> git commit -m "mensaje"
[lab-resolving-git-conflicts 139f1a4] mensaje
 1 file changed, 5 insertions(+), 6 deletions(-)
(base) PS C:\Users\Álvaro\desktop\ironhack\1.1-lab_git> git pull origin main
From https://github.com/AlvaroYague/1.1-lab_git
 * branch            main       -> FETCH_HEAD
Auto-merging your-code/about-me.md
CONFLICT (content): Merge conflict in your-code/about-me.md
Automatic merge failed; fix conflicts and then commit the result.
(base) PS C:\Users\Álvaro\desktop\ironhack\1.1-lab_git> git status
On branch lab-resolving-git-conflicts
You have unmerged paths.
  (fix conflicts and run "git commit")
  (use "git merge --abort" to abort the merge)

Unmerged paths:
  (use "git add <file>..." to mark resolution)
        both modified:   your-code/about-me.md

no changes added to commit (use "git add" and/or "git commit -a")
(base) PS C:\Users\Álvaro\desktop\ironhack\1.1-lab_git> git status
On branch lab-resolving-git-conflicts
You have unmerged paths.
  (fix conflicts and run "git commit")
  (use "git merge --abort" to abort the merge)

Unmerged paths:
  (use "git add <file>..." to mark resolution)
        both modified:   your-code/about-me.md

no changes added to commit (use "git add" and/or "git commit -a")
(base) PS C:\Users\Álvaro\desktop\ironhack\1.1-lab_git> git add.
git: 'add.' is not a git command. See 'git --help'.

The most similar command is
        add
(base) PS C:\Users\Álvaro\desktop\ironhack\1.1-lab_git> git add .
(base) PS C:\Users\Álvaro\desktop\ironhack\1.1-lab_git> git commit -m "resolving clonflicts with main branch"
[lab-resolving-git-conflicts 8f3200d] resolving clonflicts with main branch